[2026-03-12T13:30:26Z] disabled autofix cron (open_prs=0)
[2026-03-12T13:40:10Z] disabled autofix cron (open_prs=0)
[2026-03-12T13:50:10Z] disabled autofix cron (open_prs=0)
[2026-03-12T14:00:17Z] disabled autofix cron (open_prs=0)
[2026-03-12T14:10:10Z] disabled autofix cron (open_prs=0)
[2026-03-12T14:20:10Z] disabled autofix cron (open_prs=0)
[2026-03-12T14:30:10Z] disabled autofix cron (open_prs=0)
[2026-03-12T14:40:10Z] disabled autofix cron (open_prs=0)
[2026-03-12T14:50:10Z] disabled autofix cron (open_prs=0)
[2026-03-12T15:00:10Z] disabled autofix cron (open_prs=0)
[2026-03-12T15:10:09Z] disabled autofix cron (open_prs=0)
[2026-03-12T15:20:10Z] disabled autofix cron (open_prs=0)
[2026-03-12T15:30:10Z] disabled autofix cron (open_prs=0)
[2026-03-12T15:40:10Z] disabled autofix cron (open_prs=0)
[2026-03-12T15:50:10Z] disabled autofix cron (open_prs=0)
[2026-03-12T16:00:10Z] disabled autofix cron (open_prs=0)
[2026-03-12T16:10:10Z] disabled autofix cron (open_prs=0)
[2026-03-12T16:20:10Z] disabled autofix cron (open_prs=0)
[2026-03-12T16:30:10Z] disabled autofix cron (open_prs=0)
[2026-03-12T16:40:10Z] disabled autofix cron (open_prs=0)
[2026-03-12T16:50:10Z] disabled autofix cron (open_prs=0)
Invalid config at /home/ubuntu/.openclaw/openclaw.json:\n- commands: Unrecognized key: "ownerDisplay"
- channels.telegram: Unrecognized key: "streaming"
Invalid config at /home/ubuntu/.openclaw/openclaw.json:\n- commands: Unrecognized key: "ownerDisplay"
- channels.telegram: Unrecognized key: "streaming"
Config invalid
File: ~/.openclaw/openclaw.json
Problem:
  - commands: Unrecognized key: "ownerDisplay"
  - channels.telegram: Unrecognized key: "streaming"

Run: openclaw doctor --fix
[2026-03-12T17:00:09Z] disabled autofix cron (open_prs=0)
Invalid config at /home/ubuntu/.openclaw/openclaw.json:\n- commands: Unrecognized key: "ownerDisplay"
- channels.telegram: Unrecognized key: "streaming"
Invalid config at /home/ubuntu/.openclaw/openclaw.json:\n- commands: Unrecognized key: "ownerDisplay"
- channels.telegram: Unrecognized key: "streaming"
Config invalid
File: ~/.openclaw/openclaw.json
Problem:
  - commands: Unrecognized key: "ownerDisplay"
  - channels.telegram: Unrecognized key: "streaming"

Run: openclaw doctor --fix
[2026-03-12T17:10:09Z] disabled autofix cron (open_prs=0)
[2026-03-12T17:20:11Z] disabled autofix cron (open_prs=0)
[2026-03-12T17:30:10Z] enabled autofix cron (open_prs=1)
[2026-03-12T17:40:14Z] disabled autofix cron (open_prs=0)
[2026-03-12T17:50:15Z] disabled autofix cron (open_prs=0)
