[2026-03-12T03:08:02.849220+00:00] PR #14 new SHA detected 9d4f124e4d2d
[2026-03-12T03:08:02.849379+00:00] PR #14 CodeRabbit activity updated (actionable=4, inline=4)
[2026-03-12T03:08:02.849415+00:00] PR #14 actionable changed: None -> 4
[2026-03-12T03:08:03.988159+00:00] PR #13 new SHA detected dbcc83c71c92
[2026-03-12T03:08:03.988285+00:00] PR #13 CodeRabbit activity updated (actionable=None, inline=8)
[2026-03-12T03:08:05.393551+00:00] PR #12 new SHA detected 36e4ddd4f045
[2026-03-12T03:08:05.393667+00:00] PR #12 CodeRabbit activity updated (actionable=2, inline=4)
[2026-03-12T03:08:05.393699+00:00] PR #12 actionable changed: None -> 2
[2026-03-12T03:12:02.759357+00:00] HUMAN-NEEDED PR #14: actionable stuck at 4 for 2 cycles
[2026-03-12T03:12:04.949404+00:00] HUMAN-NEEDED PR #12: actionable stuck at 2 for 2 cycles
[2026-03-12T03:14:03.495572+00:00] ESCALATION PR #14: unresolved findings for 5+ minutes (actionable=4)
[2026-03-12T03:14:06.020559+00:00] ESCALATION PR #12: unresolved findings for 5+ minutes (actionable=2)
[2026-03-12T03:18:03.907222+00:00] PR #13 new SHA detected 6aaaf705684c
[2026-03-12T03:18:03.907355+00:00] PR #13 CodeRabbit activity updated (actionable=None, inline=8)
[2026-03-12T03:22:04.947190+00:00] PR #13 CodeRabbit activity updated (actionable=1, inline=9)
[2026-03-12T03:22:04.947317+00:00] PR #13 actionable changed: None -> 1
[2026-03-12T03:24:03.934430+00:00] PR #13 new SHA detected 66ccb5dbf7d9
[2026-03-12T03:24:03.934577+00:00] PR #13 CodeRabbit activity updated (actionable=1, inline=9)
[2026-03-12T03:28:04.075431+00:00] HUMAN-NEEDED PR #13: actionable stuck at 1 for 2 cycles
[2026-03-12T03:30:03.854832+00:00] PR #13 new SHA detected 204847384820
[2026-03-12T03:30:03.854963+00:00] PR #13 CodeRabbit activity updated (actionable=1, inline=9)
[2026-03-12T03:34:03.852528+00:00] PR #13 new SHA detected c5fb2c56a273
[2026-03-12T03:34:03.852664+00:00] PR #13 CodeRabbit activity updated (actionable=2, inline=11)
[2026-03-12T03:34:03.852698+00:00] PR #13 actionable changed: 1 -> 2
[2026-03-12T03:38:04.759351+00:00] PR #13 new SHA detected d85b7fac9459
[2026-03-12T03:38:04.759493+00:00] PR #13 CodeRabbit activity updated (actionable=2, inline=11)
[2026-03-12T03:44:04.562880+00:00] ESCALATION PR #13: unresolved findings for 5+ minutes (actionable=2)
[2026-03-12T03:46:03.276787+00:00] PR #14 CodeRabbit activity updated (actionable=4, inline=4)
[2026-03-12T03:46:04.424248+00:00] PR #13 CodeRabbit activity updated (actionable=2, inline=11)
[2026-03-12T03:46:06.540209+00:00] PR #12 CodeRabbit activity updated (actionable=2, inline=4)
[2026-03-12T03:52:03.007637+00:00] ESCALATION PR #14: unresolved findings for 5+ minutes (actionable=4)
[2026-03-12T03:52:04.576766+00:00] ESCALATION PR #13: unresolved findings for 5+ minutes (actionable=2)
[2026-03-12T03:52:05.938636+00:00] ESCALATION PR #12: unresolved findings for 5+ minutes (actionable=2)
[2026-03-12T04:22:03.435399+00:00] PR #14 CodeRabbit activity updated (actionable=4, inline=4)
[2026-03-12T04:22:04.626788+00:00] PR #13 CodeRabbit activity updated (actionable=2, inline=11)
[2026-03-12T04:22:05.650874+00:00] PR #12 CodeRabbit activity updated (actionable=2, inline=4)
[2026-03-12T04:24:03.288812+00:00] PR #14 CodeRabbit activity updated (actionable=None, inline=4)
[2026-03-12T04:24:03.288938+00:00] PR #14 actionable changed: 4 -> None
[2026-03-12T04:24:05.769718+00:00] PR #12 CodeRabbit activity updated (actionable=None, inline=4)
[2026-03-12T04:24:05.769837+00:00] PR #12 actionable changed: 2 -> None
[2026-03-12T04:28:04.847237+00:00] ESCALATION PR #13: unresolved findings for 5+ minutes (actionable=2)
[2026-03-12T04:32:04.050170+00:00] PR #13 CodeRabbit activity updated (actionable=4, inline=15)
[2026-03-12T04:32:04.050303+00:00] PR #13 actionable changed: 2 -> 4
[2026-03-12T04:38:04.557903+00:00] ESCALATION PR #13: unresolved findings for 5+ minutes (actionable=4)
[2026-03-12T10:58:03.047964+00:00] PR #16 new SHA detected 0ed7a4d9e790
[2026-03-12T10:58:03.048096+00:00] PR #16 CodeRabbit activity updated (actionable=2, inline=2)
[2026-03-12T10:58:03.048129+00:00] PR #16 actionable changed: None -> 2
[2026-03-12T11:02:03.306617+00:00] HUMAN-NEEDED PR #16: actionable stuck at 2 for 2 cycles
[2026-03-12T11:04:02.929212+00:00] PR #16 new SHA detected bf6ab8d0ecc6
[2026-03-12T11:04:02.929346+00:00] PR #16 CodeRabbit activity updated (actionable=2, inline=2)
[2026-03-12T11:06:03.492955+00:00] PR #16 CodeRabbit activity updated (actionable=2, inline=4)
[2026-03-12T11:08:03.379972+00:00] PR #16 CodeRabbit activity updated (actionable=2, inline=4)
[2026-03-12T11:10:03.052065+00:00] PR #16 new SHA detected 361c4425977f
[2026-03-12T11:10:03.052190+00:00] PR #16 CodeRabbit activity updated (actionable=2, inline=4)
[2026-03-12T11:14:03.248856+00:00] PR #16 CodeRabbit activity updated (actionable=1, inline=5)
[2026-03-12T11:14:03.248991+00:00] PR #16 actionable changed: 2 -> 1
[2026-03-12T11:16:02.862421+00:00] PR #16 new SHA detected 9d7c2aad2a42
[2026-03-12T11:16:02.862569+00:00] PR #16 CodeRabbit activity updated (actionable=1, inline=5)
[2026-03-12T11:18:03.696763+00:00] PR #16 CodeRabbit activity updated (actionable=None, inline=5)
[2026-03-12T11:18:03.696975+00:00] PR #16 actionable changed: 1 -> None
[2026-03-12T11:22:03.216620+00:00] PR #16 new SHA detected 48ed9e25c4ce
[2026-03-12T11:22:03.216770+00:00] PR #16 CodeRabbit activity updated (actionable=None, inline=5)
[2026-03-12T11:26:02.653337+00:00] PR #16 CodeRabbit activity updated (actionable=None, inline=5)
[2026-03-12T11:30:03.228291+00:00] PR #16 CodeRabbit activity updated (actionable=1, inline=5)
[2026-03-12T11:30:03.228423+00:00] PR #16 actionable changed: None -> 1
[2026-03-12T11:34:02.782645+00:00] HUMAN-NEEDED PR #16: actionable stuck at 1 for 2 cycles
[2026-03-12T11:36:03.439682+00:00] ESCALATION PR #16: unresolved findings for 5+ minutes (actionable=1)
[2026-03-12T11:40:03.017444+00:00] PR #16 new SHA detected 0406c31b2aa7
[2026-03-12T11:40:03.017592+00:00] PR #16 CodeRabbit activity updated (actionable=1, inline=5)
[2026-03-12T11:44:03.576528+00:00] PR #16 CodeRabbit activity updated (actionable=None, inline=5)
[2026-03-12T11:44:03.576658+00:00] PR #16 actionable changed: 1 -> None
[2026-03-12T12:46:03.069495+00:00] PR #16 new SHA detected 71de964388c4
[2026-03-12T12:46:03.069658+00:00] PR #16 CodeRabbit activity updated (actionable=None, inline=5)
[2026-03-12T12:50:03.608485+00:00] PR #16 CodeRabbit activity updated (actionable=None, inline=5)
[2026-03-12T12:54:03.183792+00:00] PR #16 new SHA detected 9585626ed714
[2026-03-12T12:54:03.183920+00:00] PR #16 CodeRabbit activity updated (actionable=None, inline=5)
[2026-03-12T12:58:03.873490+00:00] PR #16 CodeRabbit activity updated (actionable=None, inline=5)
[2026-03-12T17:28:02.698561+00:00] PR #17 new SHA detected 4e71c5cf0923
[2026-03-12T17:28:02.699094+00:00] PR #17 CodeRabbit activity updated (actionable=None, inline=0)
[2026-03-12T17:30:03.687076+00:00] PR #17 CodeRabbit activity updated (actionable=None, inline=0)
[2026-03-12T17:32:03.671025+00:00] PR #17 CodeRabbit activity updated (actionable=None, inline=0)
[2026-03-19T00:46:26.683738+00:00] PR #23 new SHA detected b105d4aea8ef
[2026-03-19T00:46:26.684290+00:00] PR #23 CodeRabbit activity updated (actionable=2, inline=2)
[2026-03-19T00:46:26.684344+00:00] PR #23 actionable changed: None -> 2
[2026-03-19T00:46:28.136424+00:00] PR #22 new SHA detected 32bd33cab137
[2026-03-19T00:46:28.136577+00:00] PR #22 CodeRabbit activity updated (actionable=5, inline=19)
[2026-03-19T00:46:28.136615+00:00] PR #22 actionable changed: None -> 5
